// Jest Snapshot v1, https://goo.gl/fbAQLP

exports[`<Form /> render should render a form 1`] = `
<form
  className="oxygen-form"
/>
`;
